<html>
<body>
<pre>
<h1>µVision Build Log</h1>
<h2>Tool Versions:</h2>
IDE-Version: µVision V5.26.2.0
Copyright (C) 2018 ARM Ltd and ARM Germany GmbH. All rights reserved.
License Information: Leonard Pak, BMSTU, LIC=----
 
Tool Versions:
Toolchain:       MDK-Lite  Version: 5.26.2.0
Toolchain Path:  C:\Keil_v5\ARM\ARMCC\Bin
C Compiler:      Armcc.exe V5.06 update 6 (build 750)
Assembler:       Armasm.exe V5.06 update 6 (build 750)
Linker/Locator:  ArmLink.exe V5.06 update 6 (build 750)
Library Manager: ArmAr.exe V5.06 update 6 (build 750)
Hex Converter:   FromElf.exe V5.06 update 6 (build 750)
CPU DLL:         SARMCM3.DLL V5.26.2.0
Dialog DLL:      DCM.DLL V1.17.2.0
Target DLL:      UL2CM3.DLL V1.161.6.0
Dialog DLL:      TCM.DLL V1.36.1.0
 
<h2>Project:</h2>
D:\University\Mobile_Robotics\STM32\BMRS-CODE.002.CMSIS_Keil_Motor_PUMA\BMRS-CODE.002.CMSIS_Keil_Motor_PUMA.uvprojx
Project File Date:  04/24/2019

<h2>Output:</h2>
*** Using Compiler 'V5.06 update 6 (build 750)', folder: 'C:\Keil_v5\ARM\ARMCC\Bin'
Build target 'BMRS-CODE.002.HAL_Keil_Motor_PUMA'
compiling puma.c...
Code\Src\puma.c(1): warning:  #1-D: last line of file ends without a newline
  #include "puma.h"
Code\Src\puma.c: 1 warning, 0 errors
compiling tim.c...
Code\Src\tim.c(1): warning:  #1-D: last line of file ends without a newline
  #include "tim.h"
Code\Src\tim.c: 1 warning, 0 errors
compiling main.c...
compiling adc.c...
Code\Src\adc.c(1): warning:  #1-D: last line of file ends without a newline
  #include "adc.h"
.\Code\Inc\adc.h(6): warning:  #1-D: last line of file ends without a newline
  #endif __ADC_H__
.\Code\Inc\adc.h(6): warning:  #14-D: extra text after expected end of preprocessing directive
  #endif __ADC_H__
Code\Src\adc.c: 3 warnings, 0 errors
compiling rcc.c...
linking...
Program Size: Code=408 RO-data=252 RW-data=0 ZI-data=1632  
".\Objects\BMRS-CODE.002.CMSIS_Keil_Motor_PUMA" - 0 Error(s), 5 Warning(s).

<h2>Software Packages used:</h2>

Package Vendor: Keil
                http://www.keil.com/pack/Keil.STM32F1xx_DFP.2.3.0.pack
                Keil.STM32F1xx_DFP.2.3.0
                STMicroelectronics STM32F1 Series Device Support, Drivers and Examples

<h2>Collection of Component include folders:</h2>
  .\RTE\_BMRS-CODE.002.HAL_Keil_Motor_PUMA
  C:\Keil_v5\ARM\PACK\Keil\STM32F1xx_DFP\2.3.0\Device\Include

<h2>Collection of Component Files used:</h2>
Build Time Elapsed:  00:00:01
</pre>
</body>
</html>
